INFO: [Common 17-3922] A valid Vivado Design Suite BASIC license has been detected. Your current license is active and will expire on 16-sep-2027.
#-----------------------------------------------------------
# Vivado v2026.1 (64-bit)
# SW Build 6511674 on Tue Jun 16 11:01:26 MDT 2026
# IP Build 6504888 on Tue Jun 09 09:05:25 MDT 2026
# SharedData Build 6501428 on Mon Jun 08 17:34:18 MDT 2026
# Start of session at: Wed Sep 16 20:15:13 2026
# Process ID         : 10724
# Current directory  : /home/ahmet/Desktop/photonic-inference-lab
# Command line       : vivado
# Log file           : /home/ahmet/Desktop/photonic-inference-lab/vivado.log
# Journal file       : /home/ahmet/Desktop/photonic-inference-lab/vivado.jou
# Running On         : ahmet-IdeaPad-Gaming-3-15ACH6
# Platform           : Ubuntu
# Operating System   : Ubuntu 24.04.5 LTS
# Processor Detail   : AMD Ryzen 5 5600H with Radeon Graphics
# CPU Frequency      : 3346.366 MHz
# CPU Physical cores : 6
# CPU Logical cores  : 12
# Host memory        : 14496 MB
# Swap memory        : 4294 MB
# Total Virtual      : 18791 MB
# Available Virtual  : 12981 MB
#-----------------------------------------------------------
start_gui
create_project led_blink /home/ahmet/Desktop/photonic-inference-lab/led_blink -part xc7z020clg400-1
INFO: [IP_Flow 19-234] Refreshing IP repositories
INFO: [IP_Flow 19-1704] No user IP repositories specified
INFO: [IP_Flow 19-2313] Loaded Vivado IP repository '/home/ahmet/2026.1/data/ip'.
set_property board_part digilentinc.com:arty-z7-20:part0:1.1 [current_project]
file mkdir /home/ahmet/Desktop/photonic-inference-lab/led_blink/led_blink.srcs/sources_1/new
close [ open /home/ahmet/Desktop/photonic-inference-lab/led_blink/led_blink.srcs/sources_1/new/led_blink.sv w ]
add_files /home/ahmet/Desktop/photonic-inference-lab/led_blink/led_blink.srcs/sources_1/new/led_blink.sv
update_compile_order -fileset sources_1
file mkdir /home/ahmet/Desktop/photonic-inference-lab/led_blink/led_blink.srcs/constrs_1
file mkdir /home/ahmet/Desktop/photonic-inference-lab/led_blink/led_blink.srcs/constrs_1/new
close [ open /home/ahmet/Desktop/photonic-inference-lab/led_blink/led_blink.srcs/constrs_1/new/led_blink.xdc w ]
add_files -fileset constrs_1 /home/ahmet/Desktop/photonic-inference-lab/led_blink/led_blink.srcs/constrs_1/new/led_blink.xdc
launch_runs synth_1 -jobs 6
[Wed Sep 16 20:21:09 2026] Launched synth_1...
Run output will be captured here: /home/ahmet/Desktop/photonic-inference-lab/led_blink/led_blink.runs/synth_1/runme.log
launch_runs impl_1 -jobs 6
[Wed Sep 16 20:21:54 2026] Launched impl_1...
Run output will be captured here: /home/ahmet/Desktop/photonic-inference-lab/led_blink/led_blink.runs/impl_1/runme.log
open_run impl_1
INFO: [Device 21-403] Loading part xc7z020clg400-1
Netlist sorting complete. Time (s): cpu = 00:00:00 ; elapsed = 00:00:00 . Memory (MB): peak = 10470.957 ; gain = 0.000 ; free physical = 2332 ; free virtual = 12390
INFO: [Netlist 29-17] Analyzing 7 Unisim elements for replacement
INFO: [Netlist 29-28] Unisim Transformation completed in 0 CPU seconds
INFO: [Project 1-479] Netlist was created with Vivado 2026.1
INFO: [Project 1-570] Preparing netlist for logic optimization
Read ShapeDB Complete: Time (s): cpu = 00:00:00 ; elapsed = 00:00:00 . Memory (MB): peak = 10541.801 ; gain = 0.000 ; free physical = 2231 ; free virtual = 12285
INFO: [Timing 38-478] Restoring timing data from binary archive.
INFO: [Timing 38-479] Binary timing data restore complete.
INFO: [Project 1-856] Restoring constraints from binary archive.
INFO: [Project 1-853] Binary constraint restore complete.
INFO: [Designutils 20-5722] Start Reading Physical Databases.
Reading placement.
Read Netlist Cache: Time (s): cpu = 00:00:00 ; elapsed = 00:00:00 . Memory (MB): peak = 11101.363 ; gain = 0.000 ; free physical = 1730 ; free virtual = 11784
Reading placer database...
Read Device Cache: Time (s): cpu = 00:00:00.01 ; elapsed = 00:00:00 . Memory (MB): peak = 11101.363 ; gain = 0.000 ; free physical = 1722 ; free virtual = 11776
Read PlaceDB: Time (s): cpu = 00:00:00 ; elapsed = 00:00:00 . Memory (MB): peak = 11101.363 ; gain = 0.000 ; free physical = 1722 ; free virtual = 11776
Read placeStorage: Time (s): cpu = 00:00:00 ; elapsed = 00:00:00 . Memory (MB): peak = 11120.441 ; gain = 19.078 ; free physical = 1722 ; free virtual = 11776
Read PulsedLatchDB: Time (s): cpu = 00:00:00 ; elapsed = 00:00:00 . Memory (MB): peak = 11120.441 ; gain = 0.000 ; free physical = 1722 ; free virtual = 11776
Reading routing.
Read RouteStorage: Time (s): cpu = 00:00:00 ; elapsed = 00:00:00 . Memory (MB): peak = 11120.441 ; gain = 0.000 ; free physical = 1722 ; free virtual = 11776
Read Physdb Files: Time (s): cpu = 00:00:00.01 ; elapsed = 00:00:00.02 . Memory (MB): peak = 11120.441 ; gain = 19.078 ; free physical = 1722 ; free virtual = 11776
Restored from archive | CPU: 0.020000 secs | Memory: 0.076050 MB |
Finished XDEF File Restore: Time (s): cpu = 00:00:00.01 ; elapsed = 00:00:00.02 . Memory (MB): peak = 11120.441 ; gain = 19.078 ; free physical = 1722 ; free virtual = 11776
Netlist sorting complete. Time (s): cpu = 00:00:00 ; elapsed = 00:00:00 . Memory (MB): peak = 11120.441 ; gain = 0.000 ; free physical = 1722 ; free virtual = 11776
INFO: [Project 1-111] Unisim Transformation Summary:
No Unisim elements were transformed.

open_run: Time (s): cpu = 00:00:14 ; elapsed = 00:00:09 . Memory (MB): peak = 11468.730 ; gain = 1113.508 ; free physical = 1363 ; free virtual = 11422
launch_runs impl_1 -to_step write_bitstream -jobs 6
[Wed Sep 16 20:22:51 2026] Launched impl_1...
Run output will be captured here: /home/ahmet/Desktop/photonic-inference-lab/led_blink/led_blink.runs/impl_1/runme.log
