#-----------------------------------------------------------
# Vivado v2026.1 (64-bit)
# SW Build 6511674 on Tue Jun 16 11:01:26 MDT 2026
# IP Build 6504888 on Tue Jun 09 09:05:25 MDT 2026
# SharedData Build 6501428 on Mon Jun 08 17:34:18 MDT 2026
# Start of session at: Thu Sep 17 18:58:34 2026
# Process ID         : 7339
# Current directory  : /home/ahmet/Desktop/photonic-inference-lab/led_blink/led_blink.runs/impl_1
# Command line       : vivado -log led_blink.vdi -applog -product Vivado -messageDb vivado.pb -mode batch -source led_blink.tcl -notrace
# Log file           : /home/ahmet/Desktop/photonic-inference-lab/led_blink/led_blink.runs/impl_1/led_blink.vdi
# Journal file       : /home/ahmet/Desktop/photonic-inference-lab/led_blink/led_blink.runs/impl_1/vivado.jou
# Running On         : ahmet-IdeaPad-Gaming-3-15ACH6
# Platform           : Ubuntu
# Operating System   : Ubuntu 24.04.5 LTS
# Processor Detail   : AMD Ryzen 5 5600H with Radeon Graphics
# CPU Frequency      : 1861.769 MHz
# CPU Physical cores : 6
# CPU Logical cores  : 12
# Host memory        : 14496 MB
# Swap memory        : 4294 MB
# Total Virtual      : 18791 MB
# Available Virtual  : 14685 MB
#-----------------------------------------------------------
source led_blink.tcl -notrace
