
*** Running vivado
    with args -log led_blink.vds -m64 -product Vivado -mode batch -messageDb vivado.pb -notrace -source led_blink.tcl

INFO: [Common 17-3922] A valid Vivado Design Suite BASIC license has been detected. Your current license is active and will expire on 16-sep-2027.
#-----------------------------------------------------------
# Vivado v2026.1 (64-bit)
# SW Build 6511674 on Tue Jun 16 11:01:26 MDT 2026
# IP Build 6504888 on Tue Jun 09 09:05:25 MDT 2026
# SharedData Build 6501428 on Mon Jun 08 17:34:18 MDT 2026
# Start of session at: Thu Sep 17 18:57:47 2026
# Process ID         : 6894
# Current directory  : /home/ahmet/Desktop/photonic-inference-lab/led_blink/led_blink.runs/synth_1
# Command line       : vivado -log led_blink.vds -product Vivado -mode batch -messageDb vivado.pb -notrace -source led_blink.tcl
# Log file           : /home/ahmet/Desktop/photonic-inference-lab/led_blink/led_blink.runs/synth_1/led_blink.vds
# Journal file       : /home/ahmet/Desktop/photonic-inference-lab/led_blink/led_blink.runs/synth_1/vivado.jou
# Running On         : ahmet-IdeaPad-Gaming-3-15ACH6
# Platform           : Ubuntu
# Operating System   : Ubuntu 24.04.5 LTS
# Processor Detail   : AMD Ryzen 5 5600H with Radeon Graphics
# CPU Frequency      : 2095.796 MHz
# CPU Physical cores : 6
# CPU Logical cores  : 12
# Host memory        : 14496 MB
# Swap memory        : 4294 MB
# Total Virtual      : 18791 MB
# Available Virtual  : 14691 MB
#-----------------------------------------------------------

****** Vivado v2026.1 (64-bit)
  **** SW Build 6511674 on Tue Jun 16 11:01:26 MDT 2026
  **** IP Build 6504888 on Tue Jun 09 09:05:25 MDT 2026
  **** SharedData Build 6501428 on Mon Jun 08 17:34:18 MDT 2026
  **** Start of session at: Thu Sep 17 18:57:47 2026
    ** Copyright 1986-2022 Xilinx, Inc. All Rights Reserved.
    ** Copyright 2022-2026 Advanced Micro Devices, Inc. All Rights Reserved.

source led_blink.tcl -notrace
Command: synth_design -top led_blink -part xc7z020clg400-1
Starting synth_design
Attempting to get a license for feature 'Vivado_Synthesis' and/or device 'xc7z020'
INFO: [Common 17-349] Got license for feature 'Vivado_Synthesis' and/or device 'xc7z020'
INFO: [Device 21-403] Loading part xc7z020clg400-1
INFO: [Designutils 20-5008] Incremental synthesis strategy default
INFO: [Synth 8-7079] Multithreading enabled for synth_design using a maximum of 7 processes.
INFO: [Synth 8-7078] Launching helper process for spawning children vivado processes
INFO: [Synth 8-7075] Helper process launched with PID 6956
---------------------------------------------------------------------------------
Starting RTL Elaboration : Time (s): cpu = 00:00:03 ; elapsed = 00:00:04 . Memory (MB): peak = 2427.480 ; gain = 517.062 ; free physical = 5236 ; free virtual = 12667
---------------------------------------------------------------------------------
INFO: [Synth 8-6157] synthesizing module 'led_blink' [/home/ahmet/Desktop/photonic-inference-lab/led_blink/led_blink.srcs/sources_1/new/led_blink.sv:23]
INFO: [Synth 8-6155] done synthesizing module 'led_blink' (0#1) [/home/ahmet/Desktop/photonic-inference-lab/led_blink/led_blink.srcs/sources_1/new/led_blink.sv:23]
---------------------------------------------------------------------------------
Finished RTL Elaboration : Time (s): cpu = 00:00:04 ; elapsed = 00:00:05 . Memory (MB): peak = 2521.449 ; gain = 611.031 ; free physical = 5121 ; free virtual = 12556
---------------------------------------------------------------------------------
---------------------------------------------------------------------------------
Start Handling Custom Attributes
---------------------------------------------------------------------------------
---------------------------------------------------------------------------------
Finished Handling Custom Attributes : Time (s): cpu = 00:00:05 ; elapsed = 00:00:05 . Memory (MB): peak = 2539.262 ; gain = 628.844 ; free physical = 5116 ; free virtual = 12552
---------------------------------------------------------------------------------
---------------------------------------------------------------------------------
Finished RTL Optimization Phase 1 : Time (s): cpu = 00:00:05 ; elapsed = 00:00:05 . Memory (MB): peak = 2539.262 ; gain = 628.844 ; free physical = 5116 ; free virtual = 12552
---------------------------------------------------------------------------------
Netlist sorting complete. Time (s): cpu = 00:00:00 ; elapsed = 00:00:00 . Memory (MB): peak = 2539.262 ; gain = 0.000 ; free physical = 5116 ; free virtual = 12552
INFO: [Project 1-570] Preparing netlist for logic optimization

Processing XDC Constraints
Initializing timing engine
Parsing XDC File [/home/ahmet/Desktop/photonic-inference-lab/led_blink/led_blink.srcs/constrs_1/new/led_blink.xdc]
Finished Parsing XDC File [/home/ahmet/Desktop/photonic-inference-lab/led_blink/led_blink.srcs/constrs_1/new/led_blink.xdc]
INFO: [Project 1-236] Implementation specific constraints were found while reading constraint file [/home/ahmet/Desktop/photonic-inference-lab/led_blink/led_blink.srcs/constrs_1/new/led_blink.xdc]. These constraints will be ignored for synthesis but will be used in implementation. Impacted constraints are listed in the file [.Xil/led_blink_propImpl.xdc].
Resolution: To avoid this warning, move constraints listed in [.Xil/led_blink_propImpl.xdc] to another XDC file and exclude this new file from synthesis with the used_in_synthesis property (File Properties dialog in GUI) and re-run elaboration/synthesis.
Completed Processing XDC Constraints

Netlist sorting complete. Time (s): cpu = 00:00:00 ; elapsed = 00:00:00 . Memory (MB): peak = 2621.000 ; gain = 0.000 ; free physical = 5093 ; free virtual = 12544
INFO: [Project 1-111] Unisim Transformation Summary:
No Unisim elements were transformed.

Constraint Validation Runtime : Time (s): cpu = 00:00:00 ; elapsed = 00:00:00 . Memory (MB): peak = 2621.035 ; gain = 0.000 ; free physical = 5093 ; free virtual = 12539
---------------------------------------------------------------------------------
Finished Constraint Validation : Time (s): cpu = 00:00:10 ; elapsed = 00:00:11 . Memory (MB): peak = 2621.035 ; gain = 710.617 ; free physical = 5084 ; free virtual = 12527
---------------------------------------------------------------------------------
---------------------------------------------------------------------------------
Start Loading Part and Timing Information
---------------------------------------------------------------------------------
Loading part: xc7z020clg400-1
---------------------------------------------------------------------------------
Finished Loading Part and Timing Information : Time (s): cpu = 00:00:10 ; elapsed = 00:00:11 . Memory (MB): peak = 2629.004 ; gain = 718.586 ; free physical = 5084 ; free virtual = 12527
---------------------------------------------------------------------------------
---------------------------------------------------------------------------------
Start Applying 'set_property' XDC Constraints
---------------------------------------------------------------------------------
---------------------------------------------------------------------------------
Finished applying 'set_property' XDC Constraints : Time (s): cpu = 00:00:10 ; elapsed = 00:00:11 . Memory (MB): peak = 2629.004 ; gain = 718.586 ; free physical = 5084 ; free virtual = 12527
---------------------------------------------------------------------------------
---------------------------------------------------------------------------------
Finished RTL Optimization Phase 2 : Time (s): cpu = 00:00:11 ; elapsed = 00:00:11 . Memory (MB): peak = 2629.004 ; gain = 718.586 ; free physical = 5063 ; free virtual = 12511
---------------------------------------------------------------------------------
---------------------------------------------------------------------------------
Start RTL Component Statistics 
---------------------------------------------------------------------------------
Detailed RTL Component Info : 
+---Registers : 
	                1 Bit    Registers := 1     
---------------------------------------------------------------------------------
Finished RTL Component Statistics 
---------------------------------------------------------------------------------
---------------------------------------------------------------------------------
Start Part Resource Summary
---------------------------------------------------------------------------------
Part Resources:
DSPs: 220 (col length:60)
BRAMs: 280 (col length: RAMB18 60 RAMB36 30)
---------------------------------------------------------------------------------
Finished Part Resource Summary
---------------------------------------------------------------------------------
---------------------------------------------------------------------------------
Start Cross Boundary and Area Optimization
---------------------------------------------------------------------------------
---------------------------------------------------------------------------------
Finished Cross Boundary and Area Optimization : Time (s): cpu = 00:00:12 ; elapsed = 00:00:12 . Memory (MB): peak = 2629.004 ; gain = 718.586 ; free physical = 5076 ; free virtual = 12537
---------------------------------------------------------------------------------
---------------------------------------------------------------------------------
Start Applying XDC Timing Constraints
---------------------------------------------------------------------------------
---------------------------------------------------------------------------------
Finished Applying XDC Timing Constraints : Time (s): cpu = 00:00:16 ; elapsed = 00:00:16 . Memory (MB): peak = 2722.004 ; gain = 811.586 ; free physical = 4957 ; free virtual = 12424
---------------------------------------------------------------------------------
---------------------------------------------------------------------------------
Start Timing Optimization
---------------------------------------------------------------------------------
---------------------------------------------------------------------------------
Finished Timing Optimization : Time (s): cpu = 00:00:16 ; elapsed = 00:00:16 . Memory (MB): peak = 2741.035 ; gain = 830.617 ; free physical = 4941 ; free virtual = 12408
---------------------------------------------------------------------------------
---------------------------------------------------------------------------------
Start Technology Mapping
---------------------------------------------------------------------------------
---------------------------------------------------------------------------------
Finished Technology Mapping : Time (s): cpu = 00:00:16 ; elapsed = 00:00:16 . Memory (MB): peak = 2742.043 ; gain = 831.625 ; free physical = 4933 ; free virtual = 12400
---------------------------------------------------------------------------------
---------------------------------------------------------------------------------
Start IO Insertion
---------------------------------------------------------------------------------
---------------------------------------------------------------------------------
Start Flattening Before IO Insertion
---------------------------------------------------------------------------------
---------------------------------------------------------------------------------
Finished Flattening Before IO Insertion
---------------------------------------------------------------------------------
---------------------------------------------------------------------------------
Start Final Netlist Cleanup
---------------------------------------------------------------------------------
---------------------------------------------------------------------------------
Finished Final Netlist Cleanup
---------------------------------------------------------------------------------
---------------------------------------------------------------------------------
Finished IO Insertion : Time (s): cpu = 00:00:18 ; elapsed = 00:00:19 . Memory (MB): peak = 2938.855 ; gain = 1028.438 ; free physical = 4768 ; free virtual = 12235
---------------------------------------------------------------------------------
---------------------------------------------------------------------------------
Start Renaming Generated Instances
---------------------------------------------------------------------------------
---------------------------------------------------------------------------------
Finished Renaming Generated Instances : Time (s): cpu = 00:00:18 ; elapsed = 00:00:19 . Memory (MB): peak = 2938.855 ; gain = 1028.438 ; free physical = 4768 ; free virtual = 12235
---------------------------------------------------------------------------------
---------------------------------------------------------------------------------
Start Rebuilding User Hierarchy
---------------------------------------------------------------------------------
---------------------------------------------------------------------------------
Finished Rebuilding User Hierarchy : Time (s): cpu = 00:00:18 ; elapsed = 00:00:19 . Memory (MB): peak = 2938.855 ; gain = 1028.438 ; free physical = 4768 ; free virtual = 12235
---------------------------------------------------------------------------------
---------------------------------------------------------------------------------
Start Renaming Generated Ports
---------------------------------------------------------------------------------
---------------------------------------------------------------------------------
Finished Renaming Generated Ports : Time (s): cpu = 00:00:18 ; elapsed = 00:00:19 . Memory (MB): peak = 2938.855 ; gain = 1028.438 ; free physical = 4768 ; free virtual = 12235
---------------------------------------------------------------------------------
---------------------------------------------------------------------------------
Start Handling Custom Attributes
---------------------------------------------------------------------------------
---------------------------------------------------------------------------------
Finished Handling Custom Attributes : Time (s): cpu = 00:00:18 ; elapsed = 00:00:19 . Memory (MB): peak = 2938.855 ; gain = 1028.438 ; free physical = 4768 ; free virtual = 12235
---------------------------------------------------------------------------------
---------------------------------------------------------------------------------
Start Renaming Generated Nets
---------------------------------------------------------------------------------
---------------------------------------------------------------------------------
Finished Renaming Generated Nets : Time (s): cpu = 00:00:18 ; elapsed = 00:00:19 . Memory (MB): peak = 2938.855 ; gain = 1028.438 ; free physical = 4768 ; free virtual = 12235
---------------------------------------------------------------------------------
---------------------------------------------------------------------------------
Start Writing Synthesis Report
---------------------------------------------------------------------------------

Report BlackBoxes: 
+-+--------------+----------+
| |BlackBox name |Instances |
+-+--------------+----------+
+-+--------------+----------+

Report Cell Usage: 
+------+-------+------+
|      |Cell   |Count |
+------+-------+------+
|1     |BUFG   |     1|
|2     |CARRY4 |     7|
|3     |LUT1   |     1|
|4     |LUT2   |     1|
|5     |LUT3   |     1|
|6     |LUT6   |     5|
|7     |FDRE   |    27|
|8     |IBUF   |     2|
|9     |OBUF   |     1|
+------+-------+------+
---------------------------------------------------------------------------------
Finished Writing Synthesis Report : Time (s): cpu = 00:00:18 ; elapsed = 00:00:19 . Memory (MB): peak = 2938.855 ; gain = 1028.438 ; free physical = 4768 ; free virtual = 12235
---------------------------------------------------------------------------------
Synthesis finished with 0 errors, 0 critical warnings and 0 warnings.
Synthesis Optimization Runtime : Time (s): cpu = 00:00:17 ; elapsed = 00:00:18 . Memory (MB): peak = 2938.855 ; gain = 946.664 ; free physical = 4768 ; free virtual = 12235
Synthesis Optimization Complete : Time (s): cpu = 00:00:19 ; elapsed = 00:00:19 . Memory (MB): peak = 2938.863 ; gain = 1028.438 ; free physical = 4768 ; free virtual = 12235
INFO: [Project 1-571] Translating synthesized netlist
Netlist sorting complete. Time (s): cpu = 00:00:00 ; elapsed = 00:00:00 . Memory (MB): peak = 2938.863 ; gain = 0.000 ; free physical = 4767 ; free virtual = 12236
INFO: [Netlist 29-17] Analyzing 7 Unisim elements for replacement
INFO: [Netlist 29-28] Unisim Transformation completed in 0 CPU seconds
INFO: [Project 1-570] Preparing netlist for logic optimization
INFO: [Opt 31-138] Pushed 0 inverter(s) to 0 load pin(s).
Netlist sorting complete. Time (s): cpu = 00:00:00 ; elapsed = 00:00:00 . Memory (MB): peak = 2938.863 ; gain = 0.000 ; free physical = 4927 ; free virtual = 12398
INFO: [Project 1-111] Unisim Transformation Summary:
No Unisim elements were transformed.

Synth Design complete | Checksum: 889d69a9
INFO: [Common 17-83] Releasing license: Vivado_Synthesis
18 Infos, 0 Warnings, 0 Critical Warnings and 0 Errors encountered.
synth_design completed successfully
synth_design: Time (s): cpu = 00:00:24 ; elapsed = 00:00:24 . Memory (MB): peak = 2938.891 ; gain = 1209.113 ; free physical = 4929 ; free virtual = 12399
INFO: [Common 17-2834] synth_design peak Physical Memory [PSS] (MB): overall = 2010.646; main = 2010.646; forked = 278.569
INFO: [Common 17-2834] synth_design peak Virtual Memory [VSS] (MB): overall = 3666.527; main = 2938.859; forked = 1045.523
Write ShapeDB Complete: Time (s): cpu = 00:00:00 ; elapsed = 00:00:00 . Memory (MB): peak = 2962.867 ; gain = 0.000 ; free physical = 4929 ; free virtual = 12399
INFO: [Common 17-1381] The checkpoint '/home/ahmet/Desktop/photonic-inference-lab/led_blink/led_blink.runs/synth_1/led_blink.dcp' has been generated.
INFO: [Vivado 12-24828] Executing command : report_utilization -file led_blink_utilization_synth.rpt -pb led_blink_utilization_synth.pb
INFO: [Common 17-206] Exiting Vivado at Thu Sep 17 18:58:17 2026...
